2024-01-15 08:23:45.123 INFO  [main] Application starting up
2024-01-15 08:23:45.456 DEBUG [main] Loading configuration from /etc/app/config.yml
2024-01-15 08:23:45.789 INFO  [main] Configuration loaded successfully
2024-01-15 08:23:46.012 DEBUG [pool-1] Initializing connection pool with size: 10
2024-01-15 08:23:46.234 INFO  [pool-1] Database connection established
2024-01-15 08:23:46.567 WARN  [pool-1] Connection pool nearly exhausted (8/10 connections in use)
2024-01-15 08:23:47.890 INFO  [http-8080] HTTP server started on port 8080
2024-01-15 08:23:48.123 DEBUG [http-8080] Registered endpoint: GET /api/users
2024-01-15 08:23:48.456 DEBUG [http-8080] Registered endpoint: POST /api/users
2024-01-15 08:23:48.789 DEBUG [http-8080] Registered endpoint: GET /api/health
2024-01-15 08:24:01.234 INFO  [http-8080] Incoming request: GET /api/health from 192.168.1.100
2024-01-15 08:24:01.245 INFO  [http-8080] Response: 200 OK (11ms)
2024-01-15 08:24:15.678 INFO  [http-8080] Incoming request: GET /api/users from 192.168.1.101
2024-01-15 08:24:15.890 DEBUG [pool-1] Executing query: SELECT * FROM users LIMIT 100
2024-01-15 08:24:16.012 INFO  [http-8080] Response: 200 OK (334ms)
2024-01-15 08:25:30.456 WARN  [scheduler] Scheduled task 'cleanup' took longer than expected (5234ms)
2024-01-15 08:26:45.789 ERROR [http-8080] Request failed: GET /api/users/999
    java.lang.RuntimeException: User not found: 999
        at com.example.UserService.findById(UserService.java:42)
        at com.example.UserController.getUser(UserController.java:28)
        at sun.reflect.NativeMethodAccessorImpl.invoke0(Native Method)
        at org.springframework.web.servlet.FrameworkServlet.service(FrameworkServlet.java:897)
2024-01-15 08:26:45.801 INFO  [http-8080] Response: 404 Not Found (12ms)
2024-01-15 08:30:00.123 INFO  [scheduler] Starting scheduled task: database-backup
2024-01-15 08:30:45.456 INFO  [scheduler] Scheduled task completed: database-backup (45333ms)
2024-01-15 08:45:12.789 WARN  [memory] Heap usage above 80% threshold (82.4%)
2024-01-15 08:45:13.012 INFO  [gc] Initiating garbage collection
2024-01-15 08:45:13.567 INFO  [gc] GC completed: freed 256MB in 555ms
2024-01-15 08:45:13.890 INFO  [memory] Heap usage normalized (45.2%)
2024-01-15 09:00:00.000 INFO  [metrics] Hourly statistics:
    - Total requests: 1,234
    - Average response time: 45ms
    - Error rate: 0.3%
    - Active connections: 5
2024-01-15 09:15:30.123 ERROR [pool-1] Database connection lost
    java.sql.SQLException: Connection reset by peer
        at com.mysql.jdbc.ConnectionImpl.createNewIO(ConnectionImpl.java:2181)
        at com.mysql.jdbc.ConnectionImpl.<init>(ConnectionImpl.java:787)
2024-01-15 09:15:30.456 WARN  [pool-1] Attempting to reconnect to database (attempt 1/3)
2024-01-15 09:15:31.789 WARN  [pool-1] Attempting to reconnect to database (attempt 2/3)
2024-01-15 09:15:33.012 INFO  [pool-1] Database connection re-established
2024-01-15 10:30:00.000 INFO  [main] Received shutdown signal (SIGTERM)
2024-01-15 10:30:00.123 INFO  [http-8080] Stopping HTTP server gracefully
2024-01-15 10:30:01.456 INFO  [pool-1] Closing database connections
2024-01-15 10:30:01.789 INFO  [main] Application shutdown complete
